2020/09/16 23:45:07 Попытка подключения к бд
2020/09/16 23:45:10 Ошибка при подключении к бд go_testsmart_user 
2020/09/16 23:45:20 Попытка переподключения к бд
2020/09/16 23:45:22 Не удалось повторно записать строку в бд go_testsmart_user 
2020/09/16 23:45:41 Попытка подключения к бд
2020/09/16 23:45:43 Ошибка при подключении к бд go_testsmart_user 
2020/09/16 23:45:53 Попытка переподключения к бд
2020/09/16 23:45:53 Подключение успешно
2020/09/16 23:45:53 Попытка обращения к бдusers
2020/09/16 23:45:53 Запись не удалась в таблицу users ERROR: Error 1406: Data too long for column 'age' at row 1
2020/09/16 23:47:47 Попытка подключения к бд
2020/09/16 23:47:47 Подключение успешно
2020/09/16 23:47:47 Попытка обращения к бд users
2020/09/16 23:47:47 Запись не удалась в таблицу users ERROR: Error 1406: Data too long for column 'age' at row 1
2020/09/16 23:47:49 Попытка подключения к бд
2020/09/16 23:47:49 Подключение успешно
2020/09/16 23:47:49 Попытка обращения к бд users
2020/09/16 23:47:49 Запись не удалась в таблицу users ERROR: Error 1406: Data too long for column 'age' at row 1
